=== node ghnode002 | model 15B | config int4_wo | array task 5 ===
NVIDIA H200, 143771 MiB, 550.54.14
torch 2.6.0+cu124 | cc (9, 0)

[setup] model=15B config=int4_wo device=cuda
[setup] 201 assays within max_len=1022, 16 skipped as too long, 0 already done -> 201 to score
[setup] out=results/proteingym/15B_int4_wo.jsonl.gz
`torch_dtype` is deprecated! Use `dtype` instead!
Loading checkpoint shards:   0%|          | 0/7 [00:00<?, ?it/s]Loading checkpoint shards:  14%|█▍        | 1/7 [00:20<02:04, 20.77s/it]Loading checkpoint shards:  29%|██▊       | 2/7 [00:40<01:41, 20.25s/it]Loading checkpoint shards:  43%|████▎     | 3/7 [01:00<01:20, 20.22s/it]Loading checkpoint shards:  57%|█████▋    | 4/7 [01:20<00:59, 19.96s/it]Loading checkpoint shards:  71%|███████▏  | 5/7 [01:40<00:40, 20.00s/it]Loading checkpoint shards:  86%|████████▌ | 6/7 [02:00<00:20, 20.06s/it]Loading checkpoint shards: 100%|██████████| 7/7 [02:03<00:00, 14.42s/it]Loading checkpoint shards: 100%|██████████| 7/7 [02:03<00:00, 17.64s/it]
[quant] int4_wo: applied torchao to 288 encoder Linears
[load] 136.3s  weights 7.53 GB
[1/201] TCRG1_MOUSE_Tsuboyama_2023_1E0L               L=   37 n=   1058 pos=   35     1.5s peak= 7.62GB | eta 15 min
[2/201] PIN1_HUMAN_Tsuboyama_2023_1I6C                L=   39 n=    802 pos=   39     1.7s peak= 7.62GB | eta 10 min
[3/201] YNZC_BACSU_Tsuboyama_2023_2JVD                L=   39 n=   2300 pos=   39     1.8s peak= 7.62GB | eta 9 min
[4/201] SQSTM_MOUSE_Tsuboyama_2023_2RRU               L=   40 n=    707 pos=   40     1.8s peak= 7.62GB | eta 8 min
[5/201] VG08_BPP22_Tsuboyama_2023_2GP8                L=   40 n=    723 pos=   40     1.8s peak= 7.62GB | eta 8 min
[6/201] MAFG_MOUSE_Tsuboyama_2023_1K1V                L=   41 n=   1429 pos=   41     1.9s peak= 7.63GB | eta 8 min
[7/201] THO1_YEAST_Tsuboyama_2023_2WQG                L=   41 n=   1279 pos=   41     1.9s peak= 7.63GB | eta 7 min
[8/201] OTU7A_HUMAN_Tsuboyama_2023_2L2D               L=   42 n=    635 pos=   42     2.0s peak= 7.63GB | eta 7 min
[9/201] SAV1_MOUSE_Tsuboyama_2023_2YSB                L=   43 n=    965 pos=   42     2.1s peak= 7.63GB | eta 7 min
[10/201] ODP2_GEOSE_Tsuboyama_2023_1W4G                L=   44 n=   1134 pos=   44     2.2s peak= 7.63GB | eta 7 min
[11/201] RD23A_HUMAN_Tsuboyama_2023_1IFY               L=   44 n=   1019 pos=   44     2.2s peak= 7.63GB | eta 7 min
[12/201] SDA_BACSU_Tsuboyama_2023_1PV0                 L=   44 n=   2770 pos=   44     2.2s peak= 7.63GB | eta 7 min
[13/201] AMFR_HUMAN_Tsuboyama_2023_4G3O                L=   47 n=   2972 pos=   47     2.5s peak= 7.64GB | eta 7 min
[14/201] SR43C_ARATH_Tsuboyama_2023_2N88               L=   48 n=   1583 pos=   48     2.6s peak= 7.64GB | eta 7 min
[15/201] CBX4_HUMAN_Tsuboyama_2023_2K28                L=   50 n=   2282 pos=   50     2.8s peak= 7.64GB | eta 7 min
[16/201] BCHB_CHLTE_Tsuboyama_2023_2KRU                L=   52 n=   1572 pos=   52     3.0s peak= 7.64GB | eta 7 min
[17/201] CUE1_YEAST_Tsuboyama_2023_2MYX                L=   52 n=   1580 pos=   52     3.0s peak= 7.64GB | eta 8 min
[18/201] PITX2_HUMAN_Tsuboyama_2023_2L7M               L=   52 n=   1824 pos=   52     3.0s peak= 7.64GB | eta 8 min
[19/201] RBP1_HUMAN_Tsuboyama_2023_2KWH                L=   52 n=   1332 pos=   52     3.0s peak= 7.64GB | eta 8 min
[20/201] YAIA_ECOLI_Tsuboyama_2023_2KVT                L=   52 n=   1890 pos=   52     3.1s peak= 7.64GB | eta 8 min
[21/201] POLG_PESV_Tsuboyama_2023_2MXD                 L=   53 n=   5130 pos=   53     3.2s peak= 7.64GB | eta 8 min
[22/201] RAD_ANTMA_Tsuboyama_2023_2CJJ                 L=   54 n=    912 pos=   54     3.3s peak= 7.65GB | eta 8 min
[23/201] DN7A_SACS2_Tsuboyama_2023_1JIC                L=   55 n=   1008 pos=   55     3.4s peak= 7.65GB | eta 8 min
[24/201] HCP_LAMBD_Tsuboyama_2023_2L6Q                 L=   55 n=   1040 pos=   55     3.4s peak= 7.65GB | eta 8 min
[25/201] ISDH_STAAW_Tsuboyama_2023_2LHR                L=   55 n=   1944 pos=   55     3.4s peak= 7.65GB | eta 8 min
[26/201] NUSG_MYCTU_Tsuboyama_2023_2MI6                L=   55 n=   1380 pos=   55     3.4s peak= 7.65GB | eta 8 min
[27/201] RFAH_ECOLI_Tsuboyama_2023_2LCL                L=   55 n=   1326 pos=   55     3.4s peak= 7.65GB | eta 8 min
[28/201] SPA_STAAU_Tsuboyama_2023_1LP1                 L=   55 n=   2105 pos=   55     3.4s peak= 7.65GB | eta 8 min
[29/201] SBI_STAAM_Tsuboyama_2023_2JVG                 L=   56 n=   1025 pos=   56     3.5s peak= 7.65GB | eta 8 min
[30/201] SPG2_STRSG_Tsuboyama_2023_5UBS                L=   56 n=   1451 pos=   56     3.5s peak= 7.65GB | eta 8 min
[31/201] VRPI_BPT7_Tsuboyama_2023_2WNM                 L=   56 n=   1047 pos=   56     3.5s peak= 7.65GB | eta 8 min
[32/201] RCD1_ARATH_Tsuboyama_2023_5OAO                L=   57 n=   1261 pos=   57     3.6s peak= 7.65GB | eta 8 min
[33/201] SOX30_HUMAN_Tsuboyama_2023_7JJK               L=   57 n=   1010 pos=   57     3.6s peak= 7.65GB | eta 8 min
[34/201] UBR5_HUMAN_Tsuboyama_2023_1I2T                L=   58 n=   1453 pos=   58     3.8s peak= 7.65GB | eta 8 min
[35/201] RL20_AQUAE_Tsuboyama_2023_1GYZ                L=   59 n=   1461 pos=   59     3.9s peak= 7.66GB | eta 8 min
[36/201] TNKS2_HUMAN_Tsuboyama_2023_5JRT               L=   59 n=   1479 pos=   59     3.9s peak= 7.66GB | eta 8 min
[37/201] ENVZ_ECOLI_Ghose_2023                         L=   60 n=   1121 pos=   60     4.0s peak= 7.66GB | eta 8 min
[38/201] SPTN1_CHICK_Tsuboyama_2023_1TUD               L=   60 n=   3201 pos=   60     4.0s peak= 7.66GB | eta 8 min
[39/201] MYO3_YEAST_Tsuboyama_2023_2BTT                L=   61 n=   3297 pos=   61     4.2s peak= 7.66GB | eta 8 min
[40/201] NKX31_HUMAN_Tsuboyama_2023_2L9R               L=   61 n=   2482 pos=   61     4.2s peak= 7.66GB | eta 8 min
[41/201] RPC1_BP434_Tsuboyama_2023_1R69                L=   61 n=   1459 pos=   61     4.1s peak= 7.66GB | eta 8 min
[42/201] PR40A_HUMAN_Tsuboyama_2023_1UZC               L=   63 n=   2033 pos=   63     4.4s peak= 7.66GB | eta 8 min
[43/201] RCRO_LAMBD_Tsuboyama_2023_1ORC                L=   63 n=   2278 pos=   63     4.4s peak= 7.66GB | eta 8 min
[44/201] RS15_GEOSE_Tsuboyama_2023_1A32                L=   63 n=   1195 pos=   63     4.4s peak= 7.66GB | eta 9 min
[45/201] BBC1_YEAST_Tsuboyama_2023_1TG0                L=   64 n=   2069 pos=   64     4.6s peak= 7.66GB | eta 9 min
[46/201] DNJA1_HUMAN_Tsuboyama_2023_2LO1               L=   65 n=   2264 pos=   65     4.7s peak= 7.66GB | eta 9 min
[47/201] OBSCN_HUMAN_Tsuboyama_2023_1V1C               L=   65 n=   3197 pos=   65     4.7s peak= 7.66GB | eta 9 min
[48/201] VILI_CHICK_Tsuboyama_2023_1YU5                L=   65 n=   2568 pos=   65     4.7s peak= 7.66GB | eta 9 min
[49/201] DOCK1_MOUSE_Tsuboyama_2023_2M0Y               L=   66 n=   2915 pos=   66     4.9s peak= 7.67GB | eta 9 min
[50/201] EPHB2_HUMAN_Tsuboyama_2023_1F0M               L=   66 n=   1960 pos=   66     4.8s peak= 7.67GB | eta 9 min
[51/201] MBD11_ARATH_Tsuboyama_2023_6ACV               L=   66 n=   2116 pos=   66     4.8s peak= 7.67GB | eta 9 min
[52/201] SRBS1_HUMAN_Tsuboyama_2023_2O2W               L=   67 n=   1556 pos=   67     5.0s peak= 7.67GB | eta 9 min
[53/201] PSAE_PICP2_Tsuboyama_2023_1PSE                L=   68 n=   1579 pos=   68     5.1s peak= 7.67GB | eta 9 min
[54/201] ARGR_ECOLI_Tsuboyama_2023_1AOY                L=   69 n=   1287 pos=   69     5.3s peak= 7.67GB | eta 9 min
[55/201] FKBP3_HUMAN_Tsuboyama_2023_2KFV               L=   69 n=   1237 pos=   69     5.3s peak= 7.67GB | eta 9 min
[56/201] NUSA_ECOLI_Tsuboyama_2023_1WCL                L=   69 n=   2028 pos=   69     5.3s peak= 7.67GB | eta 9 min
[57/201] UBE4B_HUMAN_Tsuboyama_2023_3L1X               L=   69 n=   3622 pos=   69     5.3s peak= 7.67GB | eta 9 min
[58/201] SCIN_STAAR_Tsuboyama_2023_2QFF                L=   70 n=   1212 pos=   70     5.4s peak= 7.67GB | eta 9 min
[59/201] ILF3_HUMAN_Tsuboyama_2023_2L33                L=   71 n=   1329 pos=   71     5.6s peak= 7.67GB | eta 9 min
[60/201] PKN1_HUMAN_Tsuboyama_2023_1URF                L=   71 n=   1301 pos=   71     5.6s peak= 7.67GB | eta 9 min
[61/201] CATR_CHLRE_Tsuboyama_2023_2AMI                L=   72 n=   1903 pos=   72     5.7s peak= 7.68GB | eta 9 min
[62/201] CBPA2_HUMAN_Tsuboyama_2023_1O6X               L=   72 n=   2068 pos=   72     5.7s peak= 7.68GB | eta 9 min
[63/201] CSN4_MOUSE_Tsuboyama_2023_1UFM                L=   72 n=   3295 pos=   72     5.7s peak= 7.68GB | eta 9 min
[64/201] FECA_ECOLI_Tsuboyama_2023_2D1U                L=   72 n=   1886 pos=   72     5.7s peak= 7.68GB | eta 9 min
[65/201] HECD1_HUMAN_Tsuboyama_2023_3DKM               L=   72 n=   5586 pos=   72     5.8s peak= 7.68GB | eta 9 min
[66/201] IF1_ECOLI_Kelsic_2016                         L=   72 n=   1367 pos=   72     5.7s peak= 7.68GB | eta 9 min
[67/201] TAT_HV1BR_Fernandes_2016                      L=   86 n=   1577 pos=   83     7.8s peak= 7.70GB | eta 9 min
[68/201] A0A247D711_LISMN_Stadelmann_2021              L=   87 n=   1653 pos=   87     8.3s peak= 7.70GB | eta 9 min
[69/201] F7YBW8_MESOW_Aakre_2015                       L=   93 n=   9192 pos=    4     0.7s peak= 7.63GB | eta 9 min
[70/201] F7YBW8_MESOW_Ding_2023                        L=   93 n=   7922 pos=   10     1.4s peak= 7.71GB | eta 9 min
[71/201] CCDB_ECOLI_Adkar_2012                         L=  101 n=   1176 pos=  100    11.0s peak= 7.72GB | eta 9 min
[72/201] CCDB_ECOLI_Tripathi_2016                      L=  101 n=   1663 pos=  100    11.0s peak= 7.72GB | eta 9 min
[73/201] SUMO1_HUMAN_Weile_2017                        L=  101 n=   1700 pos=   96    10.6s peak= 7.72GB | eta 9 min
[74/201] REV_HV1H2_Fernandes_2016                      L=  116 n=   2147 pos=  113    14.2s peak= 7.74GB | eta 9 min
[75/201] PHOT_CHLRE_Chen_2023                          L=  118 n= 167529 pos=  118    28.4s peak= 7.75GB | eta 10 min
[76/201] RL40A_YEAST_Mavor_2016                        L=  128 n=   1253 pos=   75    10.4s peak= 7.76GB | eta 10 min
[77/201] RL40A_YEAST_Roscoe_2013                       L=  128 n=   1195 pos=   75    10.4s peak= 7.76GB | eta 10 min
[78/201] RL40A_YEAST_Roscoe_2014                       L=  128 n=   1380 pos=   75    10.4s peak= 7.76GB | eta 10 min
[79/201] KCNE1_HUMAN_Muhammad_2023_expression          L=  129 n=   2339 pos=  127    17.7s peak= 7.76GB | eta 10 min
[80/201] KCNE1_HUMAN_Muhammad_2023_function            L=  129 n=   2315 pos=  127    17.7s peak= 7.76GB | eta 11 min
[81/201] SYUA_HUMAN_Newberry_2020                      L=  140 n=   2497 pos=  139    21.0s peak= 7.78GB | eta 11 min
[82/201] CALM1_HUMAN_Weile_2017                        L=  149 n=   1813 pos=  148    23.8s peak= 7.80GB | eta 11 min
[83/201] GLPA_HUMAN_Elazar_2016                        L=  150 n=    245 pos=   15     2.4s peak= 7.80GB | eta 11 min
[84/201] DYR_ECOLI_Nguyen_2023                         L=  159 n=   2916 pos=  158    27.1s peak= 7.81GB | eta 12 min
[85/201] DYR_ECOLI_Thompson_2019                       L=  159 n=   2363 pos=  157    26.9s peak= 7.81GB | eta 12 min
[86/201] UBC9_HUMAN_Weile_2017                         L=  159 n=   2563 pos=  158    27.0s peak= 7.81GB | eta 12 min
[87/201] A0A1I9GEU1_NEIME_Kennouche_2019               L=  161 n=    922 pos=  161    27.9s peak= 7.81GB | eta 13 min
[88/201] VKOR1_HUMAN_Chiasson_2020_abundance           L=  163 n=   2695 pos=  162    28.4s peak= 7.82GB | eta 13 min
[89/201] VKOR1_HUMAN_Chiasson_2020_activity            L=  163 n=    697 pos=  152    26.6s peak= 7.82GB | eta 13 min
[90/201] NUD15_HUMAN_Suiter_2020                       L=  164 n=   2844 pos=  163    28.7s peak= 7.82GB | eta 14 min
[91/201] AACC1_PSEAI_Dandage_2018                      L=  177 n=   1801 pos=  161    30.6s peak= 7.84GB | eta 14 min
[92/201] RASK_HUMAN_Weng_2022_abundance                L=  188 n=  26012 pos=  187    38.2s peak= 7.86GB | eta 14 min
[93/201] RASK_HUMAN_Weng_2022_binding-DARPin_K55       L=  188 n=  24873 pos=  187    38.1s peak= 7.86GB | eta 15 min
[94/201] RASH_HUMAN_Bandaru_2017                       L=  189 n=   3134 pos=  165    33.5s peak= 7.86GB | eta 15 min
[95/201] AICDA_HUMAN_Gajula_2014_3cycles               L=  198 n=    209 pos=   11     2.3s peak= 7.87GB | eta 15 min
[96/201] B2L11_HUMAN_Dutta_2010_binding-Mcl-1          L=  198 n=    170 pos=   10     2.1s peak= 7.87GB | eta 15 min
[97/201] MLAC_ECOLI_MacRae_2023                        L=  211 n=   4007 pos=  211    47.7s peak= 7.89GB | eta 15 min
[98/201] ESTA_BACSU_Nutschel_2020                      L=  212 n=   2172 pos=  168    38.1s peak= 7.89GB | eta 16 min
[99/201] GRB2_HUMAN_Faure_2021                         L=  217 n=  63366 pos=   56    14.3s peak= 7.90GB | eta 16 min
[100/201] HIS7_YEAST_Pokusaeva_2019                     L=  220 n= 496137 pos=  171    75.2s peak= 7.91GB | eta 17 min
[101/201] Q6WV12_9MAXI_Somermeyer_2022                  L=  222 n=  31401 pos=  221    53.3s peak= 7.91GB | eta 17 min
[102/201] RNC_ECOLI_Weeks_2023                          L=  226 n=   4277 pos=  226    54.7s peak= 7.92GB | eta 18 min
[103/201] D7PM05_CLYGR_Somermeyer_2022                  L=  235 n=  24515 pos=  234    59.6s peak= 7.93GB | eta 18 min
[104/201] RPC1_LAMBD_Li_2019_high-expression            L=  237 n=    351 pos=   59    15.0s peak= 7.93GB | eta 18 min
[105/201] RPC1_LAMBD_Li_2019_low-expression             L=  237 n=    351 pos=   59    15.0s peak= 7.93GB | eta 18 min
[106/201] GFP_AEQVI_Sarkisyan_2016                      L=  238 n=  51714 pos=  233    61.3s peak= 7.94GB | eta 19 min
[107/201] Q8WTC7_9CNID_Somermeyer_2022                  L=  238 n=  33510 pos=  237    61.3s peak= 7.94GB | eta 19 min
[108/201] TPK1_HUMAN_Weile_2017                         L=  243 n=   3181 pos=  241    62.6s peak= 7.94GB | eta 20 min
[109/201] TPMT_HUMAN_Matreyek_2018                      L=  245 n=   3648 pos=  241    63.1s peak= 7.95GB | eta 20 min
[110/201] TRPC_SACS2_Chan_2017                          L=  248 n=   1519 pos=   80    21.2s peak= 7.95GB | eta 20 min
[111/201] TRPC_THEMA_Chan_2017                          L=  252 n=   1519 pos=   80    21.5s peak= 7.96GB | eta 20 min
[112/201] P84126_THETH_Chan_2017                        L=  254 n=   1519 pos=   80    21.7s peak= 7.96GB | eta 20 min
[113/201] CASP3_HUMAN_Roychowdhury_2020                 L=  258 n=   1567 pos=  257    70.9s peak= 7.97GB | eta 20 min
[114/201] KKA2_KLEPN_Melnikov_2014                      L=  264 n=   4960 pos=  264    74.5s peak= 7.98GB | eta 21 min
[115/201] A4GRB6_PSEAI_Chen_2020                        L=  266 n=   5004 pos=  266    75.5s peak= 7.98GB | eta 21 min
[116/201] CASP7_HUMAN_Roychowdhury_2020                 L=  281 n=   1680 pos=  280    83.4s peak= 8.00GB | eta 22 min
[117/201] GCN4_YEAST_Staller_2018                       L=  281 n=   2638 pos=   44    13.5s peak= 8.00GB | eta 22 min
[118/201] BLAT_ECOLX_Deng_2012                          L=  286 n=   4996 pos=  263    79.7s peak= 8.01GB | eta 22 min
[119/201] BLAT_ECOLX_Firnberg_2014                      L=  286 n=   4783 pos=  263    79.7s peak= 8.01GB | eta 23 min
[120/201] BLAT_ECOLX_Jacquier_2013                      L=  286 n=    989 pos=  263    79.6s peak= 8.01GB | eta 23 min
[121/201] BLAT_ECOLX_Stiffler_2015                      L=  286 n=   4996 pos=  263    79.7s peak= 8.01GB | eta 24 min
[122/201] MET_HUMAN_Estevam_2023                        L=  287 n=   5393 pos=  287    87.3s peak= 8.01GB | eta 24 min
[123/201] R1AB_SARS2_Flynn_2022                         L=  306 n=   5725 pos=  303    98.2s peak= 8.04GB | eta 25 min
[124/201] MTH3_HAEAE_RockahShmuel_2015                  L=  330 n=   1777 pos=  329   114.8s peak= 8.08GB | eta 25 min
[125/201] AMIE_PSEAE_Wrenbeck_2017                      L=  346 n=   6227 pos=  341   124.8s peak= 8.11GB | eta 26 min
[126/201] OPSD_HUMAN_Wan_2019                           L=  348 n=    165 pos=  109    40.1s peak= 8.11GB | eta 26 min
[127/201] CCR5_HUMAN_Gill_2023                          L=  352 n=   6137 pos=  323   120.2s peak= 8.12GB | eta 26 min
[128/201] OTC_HUMAN_Lo_2023                             L=  354 n=   1570 pos=  322   120.4s peak= 8.12GB | eta 27 min
[129/201] MK01_HUMAN_Brenan_2016                        L=  360 n=   6809 pos=  359   136.6s peak= 8.13GB | eta 28 min
[130/201] HEM3_HUMAN_Loggerenberg_2023                  L=  361 n=   5689 pos=  342   130.5s peak= 8.13GB | eta 28 min
[131/201] OXDA_RHOTO_Vanella_2023_activity              L=  364 n=   6396 pos=  364   140.0s peak= 8.13GB | eta 29 min
[132/201] OXDA_RHOTO_Vanella_2023_expression            L=  364 n=   6769 pos=  364   140.0s peak= 8.13GB | eta 30 min
[133/201] Q53Z42_HUMAN_McShan_2019_binding-TAPBPR       L=  365 n=   3344 pos=  180    69.5s peak= 8.13GB | eta 30 min
[134/201] Q53Z42_HUMAN_McShan_2019_expression           L=  365 n=   3344 pos=  180    69.5s peak= 8.13GB | eta 29 min
[135/201] SERC_HUMAN_Xie_2023                           L=  370 n=   1914 pos=  366   143.0s peak= 8.14GB | eta 30 min
[136/201] LYAM1_HUMAN_Elazar_2016                       L=  372 n=    359 pos=   23     9.0s peak= 8.15GB | eta 29 min
[137/201] P53_HUMAN_Giacomelli_2018_Null_Etoposide      L=  393 n=   7467 pos=  393   163.3s peak= 8.18GB | eta 30 min
[138/201] P53_HUMAN_Giacomelli_2018_Null_Nutlin         L=  393 n=   7467 pos=  393   163.3s peak= 8.18GB | eta 31 min
[139/201] P53_HUMAN_Giacomelli_2018_WT_Nutlin           L=  393 n=   7467 pos=  393   163.3s peak= 8.18GB | eta 31 min
[140/201] P53_HUMAN_Kotler_2018                         L=  393 n=   1048 pos=  190    78.9s peak= 8.18GB | eta 31 min
[141/201] PAI1_HUMAN_Huttinger_2021                     L=  402 n=   5345 pos=  379   161.1s peak= 8.19GB | eta 31 min
[142/201] PTEN_HUMAN_Matreyek_2021                      L=  403 n=   5083 pos=  383   163.2s peak= 8.20GB | eta 32 min
[143/201] PTEN_HUMAN_Mighell_2018                       L=  403 n=   7260 pos=  403   171.7s peak= 8.20GB | eta 32 min
[144/201] ADRB2_HUMAN_Jones_2020                        L=  413 n=   7800 pos=  412   179.9s peak= 8.21GB | eta 33 min
[145/201] TADBP_HUMAN_Bolognesi_2019                    L=  414 n=   1196 pos=   84    36.8s peak= 8.21GB | eta 32 min
[146/201] KCNJ2_MOUSE_Coyote-Maestas_2022_function      L=  428 n=   6963 pos=  391   176.7s peak= 8.23GB | eta 32 min
[147/201] KCNJ2_MOUSE_Coyote-Maestas_2022_surface       L=  428 n=   6917 pos=  391   176.7s peak= 8.23GB | eta 33 min
[148/201] LGK_LIPST_Klesmith_2015                       L=  439 n=   7890 pos=  439   203.6s peak= 8.25GB | eta 33 min
[149/201] GDIA_HUMAN_Silverstein_2021                   L=  447 n=   1154 pos=  445   210.1s peak= 8.27GB | eta 33 min
[150/201] SPG1_STRSG_Olson_2014                         L=  448 n= 536962 pos=   55    37.5s peak= 8.27GB | eta 33 min
[151/201] SPG1_STRSG_Wu_2016                            L=  448 n= 149360 pos=    4     7.6s peak= 7.92GB | eta 32 min
[152/201] NRAM_I33A0_Jiang_2016                         L=  453 n=    298 pos=   50    24.1s peak= 8.27GB | eta 31 min
[153/201] HXK4_HUMAN_Gersing_2022_activity              L=  465 n=   8570 pos=  464   228.0s peak= 8.29GB | eta 32 min
[154/201] HXK4_HUMAN_Gersing_2023_abundance             L=  465 n=   8396 pos=  463   227.4s peak= 8.29GB | eta 32 min
[155/201] PRKN_HUMAN_Clausen_2023                       L=  465 n=   8756 pos=  465   228.4s peak= 8.29GB | eta 32 min
[156/201] CP2C9_HUMAN_Amorosi_2021_abundance            L=  490 n=   6370 pos=  486   251.3s peak= 8.33GB | eta 32 min
[157/201] CP2C9_HUMAN_Amorosi_2021_activity             L=  490 n=   6142 pos=  477   246.7s peak= 8.33GB | eta 33 min
[158/201] I6TAH8_I68A0_Doud_2015                        L=  498 n=   9462 pos=  498   261.7s peak= 8.35GB | eta 33 min
[159/201] NCAP_I34A1_Doud_2015                          L=  498 n=   9462 pos=  498   261.7s peak= 8.35GB | eta 33 min
[160/201] Q59976_STRSQ_Romero_2015                      L=  501 n=   2999 pos=  500   264.3s peak= 8.35GB | eta 33 min
[161/201] YAP1_HUMAN_Araya_2012                         L=  504 n=  10075 pos=   34    18.3s peak= 8.36GB | eta 32 min
[162/201] PPARG_HUMAN_Majithia_2016                     L=  505 n=   9576 pos=  504   268.6s peak= 8.36GB | eta 32 min
[163/201] SRC_HUMAN_Ahler_2019                          L=  536 n=   3372 pos=  246   139.2s peak= 8.40GB | eta 32 min
[164/201] SRC_HUMAN_Chakraborty_2023_binding-DAS_25uM   L=  536 n=   3637 pos=  247   139.8s peak= 8.40GB | eta 31 min
[165/201] SRC_HUMAN_Nguyen_2022                         L=  536 n=   3366 pos=  246   139.2s peak= 8.40GB | eta 31 min
[166/201] CBS_HUMAN_Sun_2020                            L=  551 n=   7217 pos=  549   319.3s peak= 8.43GB | eta 31 min
[167/201] S22A1_HUMAN_Yee_2023_abundance                L=  553 n=   9803 pos=  547   319.3s peak= 8.43GB | eta 31 min
[168/201] S22A1_HUMAN_Yee_2023_activity                 L=  553 n=  10094 pos=  547   319.3s peak= 8.43GB | eta 31 min
[169/201] CD19_HUMAN_Klesmith_2019_FMC_singles          L=  556 n=   3761 pos=  272   159.6s peak= 8.44GB | eta 30 min
[170/201] A0A2Z5U3Z0_9INFA_Doud_2016                    L=  565 n=  10715 pos=  564   336.3s peak= 8.45GB | eta 30 min
[171/201] A0A2Z5U3Z0_9INFA_Wu_2014                      L=  565 n=   2350 pos=  552   329.0s peak= 8.45GB | eta 30 min
[172/201] C6KNH7_9INFA_Lee_2018                         L=  566 n=  10754 pos=  566   338.0s peak= 8.45GB | eta 30 min
[173/201] Q837P5_ENTFA_Meier_2023                       L=  571 n=    747 pos=   41    24.7s peak= 8.46GB | eta 29 min
[174/201] PABP_YEAST_Melamed_2013                       L=  577 n=  37708 pos=   75    46.5s peak= 8.47GB | eta 28 min
[175/201] SHOC2_HUMAN_Kwon_2022                         L=  582 n=  10972 pos=  578   355.0s peak= 8.48GB | eta 27 min
[176/201] Q837P4_ENTFA_Meier_2023                       L=  589 n=    697 pos=   38    23.6s peak= 8.49GB | eta 26 min
[177/201] PPM1D_HUMAN_Miller_2022                       L=  605 n=   7889 pos=  420   268.1s peak= 8.51GB | eta 26 min
[178/201] ANCSZ_Hobbs_2022                              L=  627 n=   4670 pos=  274   181.2s peak= 8.55GB | eta 25 min
[179/201] SC6A4_HUMAN_Young_2021                        L=  630 n=  11576 pos=  612   406.7s peak= 8.55GB | eta 24 min
[180/201] TPOR_HUMAN_Bridgford_2020                     L=  635 n=    562 pos=   31    20.8s peak= 8.56GB | eta 23 min
[181/201] RAF1_HUMAN_Zinkus-Boltz_2019                  L=  648 n=    297 pos=   39    26.7s peak= 8.58GB | eta 22 min
[182/201] MTHR_HUMAN_Weile_2021                         L=  656 n=  12464 pos=  656   454.1s peak= 8.60GB | eta 22 min
[183/201] HSP82_YEAST_Cote-Hammarlof_2020_growth-H2O2   L=  709 n=   2252 pos=  119    89.0s peak= 8.68GB | eta 20 min
[184/201] HSP82_YEAST_Flynn_2019                        L=  709 n=  13294 pos=  707   528.8s peak= 8.68GB | eta 20 min
[185/201] HSP82_YEAST_Mishra_2016                       L=  709 n=   4323 pos=  229   171.3s peak= 8.68GB | eta 19 min
[186/201] PA_I34A1_Wu_2015                              L=  716 n=   1820 pos=  674   508.9s peak= 8.69GB | eta 18 min
[187/201] DLG4_HUMAN_Faure_2021                         L=  724 n=   6976 pos=   84    64.3s peak= 8.70GB | eta 17 min
[188/201] DLG4_RAT_McLaughlin_2012                      L=  724 n=   1576 pos=   83    63.4s peak= 8.70GB | eta 16 min
[189/201] CAPSD_AAV2S_Sinai_2021                        L=  735 n=  42328 pos=   28    23.8s peak= 8.72GB | eta 15 min
[190/201] RDRP_I33A0_Li_2023                            L=  757 n=  12003 pos=  754   601.8s peak= 8.76GB | eta 14 min
[191/201] A4D664_9INFA_Soh_2019                         L=  759 n=  14421 pos=  759   607.4s peak= 8.76GB | eta 13 min
[192/201] A4_HUMAN_Seuma_2022                           L=  770 n=  14811 pos=   42    34.4s peak= 8.77GB | eta 12 min
[193/201] ACE2_HUMAN_Chan_2020                          L=  805 n=   2223 pos=  117    99.4s peak= 8.83GB | eta 11 min
[194/201] A0A192B1T2_9HIV1_Haddox_2018                  L=  852 n=  12577 pos=  662   594.9s peak= 8.90GB | eta 10 min
[195/201] ENV_HV1B9_DuenasDecamp_2016                   L=  853 n=    375 pos=   20    18.0s peak= 8.90GB | eta 8 min
[196/201] Q2N0S5_9HIV1_Haddox_2018                      L=  860 n=  12729 pos=  670   607.7s peak= 8.92GB | eta 7 min
[197/201] ENV_HV1BR_Haddox_2016                         L=  861 n=  12863 pos=  677   614.9s peak= 8.92GB | eta 6 min
[198/201] GAL4_YEAST_Kitzman_2015                       L=  881 n=   1195 pos=   64    59.5s peak= 8.95GB | eta 4 min
[199/201] HMDH_HUMAN_Jiang_2019                         L=  888 n=  16853 pos=  887   830.6s peak= 8.96GB | eta 3 min
[200/201] POLG_DEN26_Suphatrakul_2023                   L=  900 n=  16897 pos=  900   855.0s peak= 8.98GB | eta 2 min
[201/201] MSH2_HUMAN_Jia_2020                           L=  934 n=  16749 pos=  934   920.7s peak= 9.03GB | eta 0 min

[done] int4_wo: 201 assays in 328.5 min -> results/proteingym/15B_int4_wo.jsonl.gz
=== done: 15B/int4_wo (job 5395122) ===
